ESP32ULP GAS  ./gas/testsuite/gas/esp32ulp/esp32ulp_globals.s 			page 1


   1              		.text
   2              		.global min_add1
   3              		.global max_add2
   4              	
   5              		.set min_add1, -32768
   6              		.set max_add2,  32767
   7              	
   8              	        .set  min_wait2, 0
   9              		.set  max_wait2, 65535 +0
  10              		.global  min_wait2
  11              		.global  max_wait2
  12              	
  13              		.set  min_jump2, 0
  14              		.set  max_jump2, 2047+0
  15              		.global  min_jump2
  16              		.global  max_jump2
  17              	
  18              		.set  min_jumpr2, -40- 0
  19              		.set  max_jumpr2,  80 + 0
  20              		.set  min_thresh2, -32768
  21              		.set  max_thresh2, 32767
  22              		.global  min_jumpr2
  23              		.global  max_jumpr2
  24              		.global  min_thresh2
  25              		.global  max_thresh2
  26              	
  27              		.set  min_threshs3, -128-0
  28              		.set  max_threshs3, 127+0
  29              		.global  min_threshs3
  30              		.global  max_threshs3
  31              	
  32              	
  33              		.set  min_wr_mem2, 0 - 0
  34              		.set  max_wr_mem2, 2047 + 0
  35              		.global  min_wr_mem2
  36              		.global  max_wr_mem2
  37              	
  38              		.set  min_sleep2, 0 - 0
  39              		.set  max_sleep2, 15 + 0
  40              		.global  min_sleep2
  41              		.global  max_sleep2
  42              	
  43              		.set  min_wake2, 0 - 0
  44              		.set  max_wake2, 1 + 0
  45              		.global  min_wake2
  46              		.global  max_wake2
  47              	
  48              	
  49              		.set  min_tsens_meas2, 0 - 0
  50              		.set  max_tsens_meas2, 4095 + 0
  51              		.set  min_tsens_wait2, 0 - 0
  52              		.set  max_tsens_wait2, 16383 + 0
  53              		.global  min_tsens_meas2
  54              		.global  max_tsens_meas2
  55              		.global  min_tsens_wait2
  56              		.global  max_tsens_wait2
  57              	
ESP32ULP GAS  ./gas/testsuite/gas/esp32ulp/esp32ulp_globals.s 			page 2


  58              		.set  min_adc_sel2, 0 - 0  
  59              		.set  max_adc_sel2, 1 + 0  
  60              		.set  min_adc_mux2, 0 - 0  
  61              		.set  max_adc_mux2, 15 + 0  
  62              		.set  min_adc_cyc2, 0 - 0
  63              		.set  max_adc_cyc2, 65535 + 0
  64              	
  65              		.global  min_adc_sel2
  66              		.global  max_adc_sel2
  67              		.global  min_adc_mux2
  68              		.global  max_adc_mux2
  69              		.global  min_adc_cyc2
  70              		.global  max_adc_cyc2
  71              	
  72              		.set  min_reg_Addr2, 0 - 0
  73              		.set  max_reg_Addr2, 1023 + 0
  74              		.set  min_reg_High2, 0 - 0
  75              		.set  max_reg_High2, 31 + 0
  76              		.set  min_reg_Low2, 0 - 0
  77              		.set  max_reg_Low2, 31 + 0
  78              		.set  min_reg_data2, 0 - 0
  79              		.set  max_reg_data2, 255 + 0
  80              		.global  min_reg_Addr2
  81              		.global  max_reg_Addr2
  82              		.global  min_reg_High2
  83              		.global  max_reg_High2
  84              		.global  min_reg_Low2
  85              		.global  max_reg_Low2
  86              		.global  min_reg_data2
  87              		.global  max_reg_data2
  88              	
  89              	
  90              	
  91              	   	.global  _temp_dataw
  92 0000 57040000 	        _temp_dataw: .int    1111
  93              	   	.global  _temp_dataw331
  94 0004 87D61200 	        _temp_dataw331: .int    1234567
  95              	   	.global  _temp_dataw2
  96 0008 87D61200 	        _temp_dataw2: .int    1234567
