ESP32ULP GAS  ./gas/testsuite/gas/esp32ulp/test_macro.s 			page 1


   1              		.text
   2              	    .set ttt, 4
   3              	    .set bit_mask, 0x8000
   4              	    .global SPI_Trans_Byte
   5              	    .global __start
   6              	
   7              	
   8              	.macro readRegister reg
   9              	//   .label ret1
  10              	//   .global  ret1
  11              	//     .global ret1\@
  12              	//     .global ret2\@
  13              	//     .global ret3\@
  14              	//   .text
  15              	     nop;
  16              	     jump   ret1\@;
  17              	     jump   ret2\@;
  18              	     jump   ret3\@;
  19              	     move   r1, ret1\@;      // here we reference the address ret1
  20              	     move   r1, ret2\@;      // here we reference the address ret1
  21              	     move   r1, ret3\@;      // here we reference the address ret1
  22              	     move   r1, ret3\@;      // here we reference the address ret1
  23              	     move   r1, ret3\@;      // here we reference the address ret1
  24              	     move   r1, ret3\@;      // here we reference the address ret1
  25              	     move   r1, ret3\@;      // here we reference the address ret1
  26              	     move   r1, ret3\@;      // here we reference the address ret1
  27              	     move   r1, ret3\@;      // here we reference the address ret1
  28              	ret1\@: nop;
  29              	     nop;
  30              	     nop;
  31              	     nop;
  32              	ret2\@: nop;
  33              	ret3\@: nop;
  34              	        nop;
  35              	        nop;
  36              	        nop;
  37              	.endm
  38              	
  39              	
  40              	__start:
  41 0000 00000040 	SPI_Trans_Byte:    nop
  42              	//    move   r1, twst // dddddd
  43 0004 00000040 	    readRegister 1
  43      38000080 
  43      48000080 
  43      4C000080 
  43      E1008072 
  43      21018072 
  43      31018072 
  43      31018072 
  43      31018072 
  43      31018072 
  43      31018072 
  43      31018072 
  43      31018072 
  43      00000040 
  43      00000040 
ESP32ULP GAS  ./gas/testsuite/gas/esp32ulp/test_macro.s 			page 2


  43      00000040 
  43      00000040 
  43      00000040 
  43      00000040 
  43      00000040 
  43      00000040 
  43      00000040 
  44 005c 00000040 	    readRegister 2
  44      90000080 
  44      A0000080 
  44      A4000080 
  44      41028072 
  44      81028072 
  44      91028072 
  44      91028072 
  44      91028072 
  44      91028072 
  44      91028072 
  44      91028072 
  44      91028072 
  44      00000040 
  44      00000040 
  44      00000040 
  44      00000040 
  44      00000040 
  44      00000040 
  44      00000040 
  44      00000040 
  44      00000040 
  45              	//    move   r1, twst // dddddd
  46              	twst:
  47 00b4 00000040 	    nop
  48              	
