ESP32S2ULP GAS  ./gas/testsuite/gas/esp32s2ulp/esp32s2ulp_jumpr.s 			page 1


   1              	        .data                                   //Data section definition
   2 0000 7B00     	Addr1:  .word     123                           // Define label Addr1 16 bit
   3              	
   4              	        .set  check_jump1, 0x10
   5              	        .set  check_jump2, 0x10
   6              	        .global check_jump2
   7              	        
   8              	        .set  check_thres1, 0x04
   9              	        .set  check_thres2, 0x04
  10              	        .global check_thres2
  11              	        
  12              	
  13              	        .global __start
  14              	__start:
  15              	        
  16 0002 0000     	        .text
  17              	        .global jmp2         
  18 0000 00000040 	        nop
  19              	
  20              	// Relative Jump
  21 0004 04000480 		JUMPR 0x04, 0x4, LT
  22 0008 04000680 		JUMPR 0x04, 0x4, EQ
  23 000c 04000480 		JUMPR 0x04, 0x4, LE
  23      04000680 
  24 0014 04000482 		JUMPR check_jump1, 0x4, LT
  25 0018 04000A82 		JUMPR check_jump1, 0x4, EQ
  26 001c 04000C82 		JUMPR check_jump1, 0x4, LE
  26      04001282 
  27 0024 04000480 		JUMPR 0x04, check_thres1, LE
  27      04000680 
  28              	check_jump3:
  29 002c 04001C82 		JUMPR check_jump1, check_thres1, LE
  29      04002282 
  30 0034 04002482 		JUMPR check_jump2, check_thres1, LE	
  30      04002A82 
  31 003c 00002C82 		JUMPR check_jump2, check_thres2, LE	
  31      00003282 
  32 0044 00001882 		JUMPR check_jump3, check_thres2, LE	
  32      00001E82 
  33 004c 00000040 	        nop
  34 0050 00000040 	        nop
  35 0054 00000040 	        nop
  36 0058 00000040 	        nop
  37              	
  38              	
  39              	
  40              	        
  41              	    
